[INFO] Scanning for projects...
[INFO] 
[INFO] --------------------< com.example.gms:codeCommerce >--------------------
[INFO] Building codeCommerce 0.0.1-SNAPSHOT
[INFO] --------------------------------[ jar ]---------------------------------
[INFO] 
[INFO] --- maven-clean-plugin:3.4.1:clean (default-clean) @ codeCommerce ---
[INFO] Deleting F:\MY_WORKSPACE-2025\codeCommerceApplication\target
[INFO] 
[INFO] --- maven-resources-plugin:3.3.1:resources (default-resources) @ codeCommerce ---
[INFO] Copying 1 resource from src\main\resources to target\classes
[INFO] Copying 0 resource from src\main\resources to target\classes
[INFO] 
[INFO] --- maven-compiler-plugin:3.14.0:compile (default-compile) @ codeCommerce ---
[INFO] Recompiling the module because of changed source code.
[INFO] Compiling 20 source files with javac [debug parameters release 19] to target\classes
[INFO] ------------------------------------------------------------------------
[INFO] BUILD SUCCESS
[INFO] ------------------------------------------------------------------------
[INFO] Total time:  2.946 s
[INFO] Finished at: 2025-11-23T10:00:47+05:30
[INFO] ------------------------------------------------------------------------
